com\manage\OEMS\dao\FoodItemDaoImpl.class
com\manage\OEMS\dao\TablesDao.class
com\manage\OEMS\service\EquipmentServiceImpl.class
com\manage\OEMS\controller\NotificationController.class
com\manage\OEMS\model\Event.class
com\manage\OEMS\service\EventServiceImpl.class
com\manage\OEMS\controller\VenueController.class
com\manage\OEMS\exception\ResourceNotFoundException.class
com\manage\OEMS\service\EquipmentService.class
com\manage\OEMS\mappers\MemberRowMapper.class
com\manage\OEMS\controller\BookingController.class
com\manage\OEMS\service\MemberServiceImpl.class
com\manage\OEMS\service\NotificationServiceImpl.class
com\manage\OEMS\controller\FoodItemController.class
com\manage\OEMS\mappers\BookingDetailRowMapper.class
com\manage\OEMS\OemsApplication.class
com\manage\OEMS\model\Member.class
com\manage\OEMS\mappers\FoodItemRowMapper.class
com\manage\OEMS\dao\NotificationDao.class
com\manage\OEMS\service\FoodItemService.class
com\manage\OEMS\mappers\EquipmentRowMapper.class
com\manage\OEMS\dao\EquipmentDao.class
com\manage\OEMS\dao\EquipmentDaoImpl.class
com\manage\OEMS\service\EventService.class
com\manage\OEMS\dao\EventDao.class
com\manage\OEMS\dao\MemberDaoImpl.class
com\manage\OEMS\controller\MemberController.class
com\manage\OEMS\controller\EquipmentController.class
com\manage\OEMS\dao\BookingDao.class
com\manage\OEMS\dao\FoodItemDao.class
com\manage\OEMS\service\BookingServiceImpl.class
com\manage\OEMS\dao\EventDaoImpl.class
com\manage\OEMS\dao\VenueDaoImpl$1.class
com\manage\OEMS\dao\BookingDaoImpl.class
com\manage\OEMS\mappers\NotificationRowMapper.class
com\manage\OEMS\model\Booking.class
com\manage\OEMS\controller\EventController.class
com\manage\OEMS\mappers\VenueRowMapper.class
com\manage\OEMS\model\BookingDetail.class
com\manage\OEMS\dao\VenueDao.class
com\manage\OEMS\mappers\EventRowMapper.class
com\manage\OEMS\dao\MemberDaoImpl$1.class
com\manage\OEMS\service\VenueServiceImpl.class
com\manage\OEMS\model\FoodItem.class
com\manage\OEMS\mappers\BookingRowMapper.class
com\manage\OEMS\service\NotificationService.class
com\manage\OEMS\dao\NotificationDaoImpl.class
com\manage\OEMS\model\Venue.class
com\manage\OEMS\service\VenueService.class
com\manage\OEMS\model\Notification.class
com\manage\OEMS\dao\BookingDaoImpl$1.class
com\manage\OEMS\dao\MemberDao.class
com\manage\OEMS\service\BookingService.class
com\manage\OEMS\service\MemberService.class
com\manage\OEMS\service\FoodItemServiceImpl.class
com\manage\OEMS\model\Equipment.class
com\manage\OEMS\dao\VenueDaoImpl.class
