C:\Users\kusum\OneDrive\Desktop\FSAD Project\OEMS\OEMS\src\main\java\com\manage\OEMS\mappers\NotificationRowMapper.java
C:\Users\kusum\OneDrive\Desktop\FSAD Project\OEMS\OEMS\src\main\java\com\manage\OEMS\service\NotificationService.java
C:\Users\kusum\OneDrive\Desktop\FSAD Project\OEMS\OEMS\src\main\java\com\manage\OEMS\dao\FoodItemDaoImpl.java
C:\Users\kusum\OneDrive\Desktop\FSAD Project\OEMS\OEMS\src\main\java\com\manage\OEMS\model\Booking.java
C:\Users\kusum\OneDrive\Desktop\FSAD Project\OEMS\OEMS\src\main\java\com\manage\OEMS\dao\MemberDaoImpl.java
C:\Users\kusum\OneDrive\Desktop\FSAD Project\OEMS\OEMS\src\main\java\com\manage\OEMS\dao\EventDaoImpl.java
C:\Users\kusum\OneDrive\Desktop\FSAD Project\OEMS\OEMS\src\main\java\com\manage\OEMS\service\EquipmentService.java
C:\Users\kusum\OneDrive\Desktop\FSAD Project\OEMS\OEMS\src\main\java\com\manage\OEMS\dao\EquipmentDao.java
C:\Users\kusum\OneDrive\Desktop\FSAD Project\OEMS\OEMS\src\main\java\com\manage\OEMS\service\BookingService.java
C:\Users\kusum\OneDrive\Desktop\FSAD Project\OEMS\OEMS\src\main\java\com\manage\OEMS\service\EquipmentServiceImpl.java
C:\Users\kusum\OneDrive\Desktop\FSAD Project\OEMS\OEMS\src\main\java\com\manage\OEMS\dao\NotificationDaoImpl.java
C:\Users\kusum\OneDrive\Desktop\FSAD Project\OEMS\OEMS\src\main\java\com\manage\OEMS\dao\BookingDao.java
C:\Users\kusum\OneDrive\Desktop\FSAD Project\OEMS\OEMS\src\main\java\com\manage\OEMS\mappers\BookingDetailRowMapper.java
C:\Users\kusum\OneDrive\Desktop\FSAD Project\OEMS\OEMS\src\main\java\com\manage\OEMS\controller\BookingController.java
C:\Users\kusum\OneDrive\Desktop\FSAD Project\OEMS\OEMS\src\main\java\com\manage\OEMS\controller\FoodItemController.java
C:\Users\kusum\OneDrive\Desktop\FSAD Project\OEMS\OEMS\src\main\java\com\manage\OEMS\mappers\EventRowMapper.java
C:\Users\kusum\OneDrive\Desktop\FSAD Project\OEMS\OEMS\src\main\java\com\manage\OEMS\service\MemberService.java
C:\Users\kusum\OneDrive\Desktop\FSAD Project\OEMS\OEMS\src\main\java\com\manage\OEMS\model\Equipment.java
C:\Users\kusum\OneDrive\Desktop\FSAD Project\OEMS\OEMS\src\main\java\com\manage\OEMS\model\Event.java
C:\Users\kusum\OneDrive\Desktop\FSAD Project\OEMS\OEMS\src\main\java\com\manage\OEMS\dao\NotificationDao.java
C:\Users\kusum\OneDrive\Desktop\FSAD Project\OEMS\OEMS\src\main\java\com\manage\OEMS\dao\VenueDao.java
C:\Users\kusum\OneDrive\Desktop\FSAD Project\OEMS\OEMS\src\main\java\com\manage\OEMS\controller\NotificationController.java
C:\Users\kusum\OneDrive\Desktop\FSAD Project\OEMS\OEMS\src\main\java\com\manage\OEMS\service\MemberServiceImpl.java
C:\Users\kusum\OneDrive\Desktop\FSAD Project\OEMS\OEMS\src\main\java\com\manage\OEMS\service\BookingServiceImpl.java
C:\Users\kusum\OneDrive\Desktop\FSAD Project\OEMS\OEMS\src\main\java\com\manage\OEMS\model\Notification.java
C:\Users\kusum\OneDrive\Desktop\FSAD Project\OEMS\OEMS\src\main\java\com\manage\OEMS\dao\MemberDao.java
C:\Users\kusum\OneDrive\Desktop\FSAD Project\OEMS\OEMS\src\main\java\com\manage\OEMS\service\EventService.java
C:\Users\kusum\OneDrive\Desktop\FSAD Project\OEMS\OEMS\src\main\java\com\manage\OEMS\service\EventServiceImpl.java
C:\Users\kusum\OneDrive\Desktop\FSAD Project\OEMS\OEMS\src\main\java\com\manage\OEMS\mappers\VenueRowMapper.java
C:\Users\kusum\OneDrive\Desktop\FSAD Project\OEMS\OEMS\src\main\java\com\manage\OEMS\service\VenueService.java
C:\Users\kusum\OneDrive\Desktop\FSAD Project\OEMS\OEMS\src\main\java\com\manage\OEMS\controller\VenueController.java
C:\Users\kusum\OneDrive\Desktop\FSAD Project\OEMS\OEMS\src\main\java\com\manage\OEMS\service\FoodItemService.java
C:\Users\kusum\OneDrive\Desktop\FSAD Project\OEMS\OEMS\src\main\java\com\manage\OEMS\controller\EquipmentController.java
C:\Users\kusum\OneDrive\Desktop\FSAD Project\OEMS\OEMS\src\main\java\com\manage\OEMS\model\BookingDetail.java
C:\Users\kusum\OneDrive\Desktop\FSAD Project\OEMS\OEMS\src\main\java\com\manage\OEMS\service\NotificationServiceImpl.java
C:\Users\kusum\OneDrive\Desktop\FSAD Project\OEMS\OEMS\src\main\java\com\manage\OEMS\service\FoodItemServiceImpl.java
C:\Users\kusum\OneDrive\Desktop\FSAD Project\OEMS\OEMS\src\main\java\com\manage\OEMS\dao\VenueDaoImpl.java
C:\Users\kusum\OneDrive\Desktop\FSAD Project\OEMS\OEMS\src\main\java\com\manage\OEMS\dao\EventDao.java
C:\Users\kusum\OneDrive\Desktop\FSAD Project\OEMS\OEMS\src\main\java\com\manage\OEMS\OemsApplication.java
C:\Users\kusum\OneDrive\Desktop\FSAD Project\OEMS\OEMS\src\main\java\com\manage\OEMS\controller\EventController.java
C:\Users\kusum\OneDrive\Desktop\FSAD Project\OEMS\OEMS\src\main\java\com\manage\OEMS\service\VenueServiceImpl.java
C:\Users\kusum\OneDrive\Desktop\FSAD Project\OEMS\OEMS\src\main\java\com\manage\OEMS\dao\TablesDao.java
C:\Users\kusum\OneDrive\Desktop\FSAD Project\OEMS\OEMS\src\main\java\com\manage\OEMS\model\Member.java
C:\Users\kusum\OneDrive\Desktop\FSAD Project\OEMS\OEMS\src\main\java\com\manage\OEMS\dao\FoodItemDao.java
C:\Users\kusum\OneDrive\Desktop\FSAD Project\OEMS\OEMS\src\main\java\com\manage\OEMS\mappers\MemberRowMapper.java
C:\Users\kusum\OneDrive\Desktop\FSAD Project\OEMS\OEMS\src\main\java\com\manage\OEMS\dao\BookingDaoImpl.java
C:\Users\kusum\OneDrive\Desktop\FSAD Project\OEMS\OEMS\src\main\java\com\manage\OEMS\mappers\BookingRowMapper.java
C:\Users\kusum\OneDrive\Desktop\FSAD Project\OEMS\OEMS\src\main\java\com\manage\OEMS\mappers\EquipmentRowMapper.java
C:\Users\kusum\OneDrive\Desktop\FSAD Project\OEMS\OEMS\src\main\java\com\manage\OEMS\dao\EquipmentDaoImpl.java
C:\Users\kusum\OneDrive\Desktop\FSAD Project\OEMS\OEMS\src\main\java\com\manage\OEMS\model\Venue.java
C:\Users\kusum\OneDrive\Desktop\FSAD Project\OEMS\OEMS\src\main\java\com\manage\OEMS\controller\MemberController.java
C:\Users\kusum\OneDrive\Desktop\FSAD Project\OEMS\OEMS\src\main\java\com\manage\OEMS\exception\ResourceNotFoundException.java
C:\Users\kusum\OneDrive\Desktop\FSAD Project\OEMS\OEMS\src\main\java\com\manage\OEMS\mappers\FoodItemRowMapper.java
C:\Users\kusum\OneDrive\Desktop\FSAD Project\OEMS\OEMS\src\main\java\com\manage\OEMS\model\FoodItem.java
