C:\Users\kusum\OneDrive\Desktop\FSAD Project\OEMS\OEMS\src\test\java\com\manage\OEMS\service\BookingServiceImplTest.java
C:\Users\kusum\OneDrive\Desktop\FSAD Project\OEMS\OEMS\src\test\java\com\manage\OEMS\controller\NotificationControllerTest.java
C:\Users\kusum\OneDrive\Desktop\FSAD Project\OEMS\OEMS\src\test\java\com\manage\OEMS\controller\EventControllerTest.java
C:\Users\kusum\OneDrive\Desktop\FSAD Project\OEMS\OEMS\src\test\java\com\manage\OEMS\service\EquipmentServiceImplTest.java
C:\Users\kusum\OneDrive\Desktop\FSAD Project\OEMS\OEMS\src\test\java\com\manage\OEMS\service\NotificationServiceImplTest.java
C:\Users\kusum\OneDrive\Desktop\FSAD Project\OEMS\OEMS\src\test\java\com\manage\OEMS\service\VenueServiceImplTest.java
C:\Users\kusum\OneDrive\Desktop\FSAD Project\OEMS\OEMS\src\test\java\com\manage\OEMS\OemsApplicationTests.java
C:\Users\kusum\OneDrive\Desktop\FSAD Project\OEMS\OEMS\src\test\java\com\manage\OEMS\controller\EquipmentControllerTest.java
C:\Users\kusum\OneDrive\Desktop\FSAD Project\OEMS\OEMS\src\test\java\com\manage\OEMS\controller\BookingControllerTest.java
C:\Users\kusum\OneDrive\Desktop\FSAD Project\OEMS\OEMS\src\test\java\com\manage\OEMS\service\EventServiceImplTest.java
C:\Users\kusum\OneDrive\Desktop\FSAD Project\OEMS\OEMS\src\test\java\com\manage\OEMS\controller\MemberControllerTest.java
C:\Users\kusum\OneDrive\Desktop\FSAD Project\OEMS\OEMS\src\test\java\com\manage\OEMS\service\FoodItemServiceImplTest.java
C:\Users\kusum\OneDrive\Desktop\FSAD Project\OEMS\OEMS\src\test\java\com\manage\OEMS\controller\VenueControllerTest.java
C:\Users\kusum\OneDrive\Desktop\FSAD Project\OEMS\OEMS\src\test\java\com\manage\OEMS\service\MemberServiceImplTest.java
C:\Users\kusum\OneDrive\Desktop\FSAD Project\OEMS\OEMS\src\test\java\com\manage\OEMS\controller\FoodItemControllerTest.java
